// Jest Snapshot v1, https://goo.gl/fbAQLP

exports[`Movies Component renders correctly 1`] = `
<div
  className="movies-list-section"
>
  <section
    className="all-movies"
  >
    <p
      className="all-movies-title"
    >
      All Movies
    </p>
    <div
      className="movie-list"
    />
  </section>
  <section
    className="movies-description"
  >
    <div
      className="notification"
    />
  </section>
</div>
`;
