// Jest Snapshot v1, https://goo.gl/fbAQLP

exports[`load movies 1`] = `
<DocumentFragment>
  <div
    class="movies-list-section"
  >
    <section
      class="all-movies"
    >
      <p
        class="all-movies-title"
      >
        All Movies
      </p>
      <div
        class="movie-list"
      />
    </section>
    <section
      class="movies-description"
    >
      <div
        class="notification"
      >
        <p>
          Advertisement in 0:15
        </p>
      </div>
    </section>
  </div>
</DocumentFragment>
`;
